
*** Running vivado
    with args -log mips_processor.vds -m64 -product Vivado -mode batch -messageDb vivado.pb -notrace -source mips_processor.tcl



****** Vivado v2024.2 (64-bit)
  **** SW Build 5239630 on Fri Nov 08 22:35:27 MST 2024
  **** IP Build 5239520 on Sun Nov 10 16:12:51 MST 2024
  **** SharedData Build 5239561 on Fri Nov 08 14:39:27 MST 2024
  **** Start of session at: Fri Jan 10 03:24:29 2025
    ** Copyright 1986-2022 Xilinx, Inc. All Rights Reserved.
    ** Copyright 2022-2024 Advanced Micro Devices, Inc. All Rights Reserved.

source mips_processor.tcl -notrace
Command: read_checkpoint -auto_incremental -incremental D:/HK241/project_1/project_1.srcs/utils_1/imports/synth_1/main.dcp
INFO: [Vivado 12-5825] Read reference checkpoint from D:/HK241/project_1/project_1.srcs/utils_1/imports/synth_1/main.dcp for incremental synthesis
INFO: [Vivado 12-7989] Please ensure there are no constraint changes
Command: synth_design -top mips_processor -part xc7z020clg484-1
Starting synth_design
Attempting to get a license for feature 'Synthesis' and/or device 'xc7z020'
INFO: [Common 17-349] Got license for feature 'Synthesis' and/or device 'xc7z020'
INFO: [Device 21-403] Loading part xc7z020clg484-1
INFO: [Designutils 20-5440] No compile time benefit to using incremental synthesis; A full resynthesis will be run
INFO: [Designutils 20-4379] Flow is switching to default flow due to incremental criteria not met. If you would like to alter this behaviour and have the flow terminate instead, please set the following parameter config_implementation {autoIncr.Synth.RejectBehavior Terminate}
INFO: [Synth 8-7079] Multithreading enabled for synth_design using a maximum of 2 processes.
INFO: [Synth 8-7078] Launching helper process for spawning children vivado processes
INFO: [Synth 8-7075] Helper process launched with PID 23772
---------------------------------------------------------------------------------
Starting RTL Elaboration : Time (s): cpu = 00:00:02 ; elapsed = 00:00:06 . Memory (MB): peak = 1073.637 ; gain = 469.992
---------------------------------------------------------------------------------
INFO: [Synth 8-6157] synthesizing module 'mips_processor' [D:/HK241/project_1/project_1.srcs/sources_1/new/test.v:29]
INFO: [Synth 8-6157] synthesizing module 'instruction_memory' [D:/HK241/project_1/project_1.srcs/sources_1/new/imem.v:2]
INFO: [Synth 8-251] PC: xxxxxxxx xxxxxxxx [D:/HK241/project_1/project_1.srcs/sources_1/new/imem.v:65]
INFO: [Synth 8-6155] done synthesizing module 'instruction_memory' (0#1) [D:/HK241/project_1/project_1.srcs/sources_1/new/imem.v:2]
INFO: [Synth 8-6157] synthesizing module 'register_file' [D:/HK241/project_1/project_1.srcs/sources_1/new/reg.v:23]
INFO: [Synth 8-6155] done synthesizing module 'register_file' (0#1) [D:/HK241/project_1/project_1.srcs/sources_1/new/reg.v:23]
INFO: [Synth 8-6157] synthesizing module 'alu' [D:/HK241/project_1/project_1.srcs/sources_1/new/alu.v:2]
INFO: [Synth 8-226] default block is never used [D:/HK241/project_1/project_1.srcs/sources_1/new/alu.v:29]
INFO: [Synth 8-226] default block is never used [D:/HK241/project_1/project_1.srcs/sources_1/new/alu.v:66]
INFO: [Synth 8-6155] done synthesizing module 'alu' (0#1) [D:/HK241/project_1/project_1.srcs/sources_1/new/alu.v:2]
INFO: [Synth 8-6157] synthesizing module 'data_memory' [D:/HK241/project_1/project_1.srcs/sources_1/new/dmem.v:2]
INFO: [Synth 8-6155] done synthesizing module 'data_memory' (0#1) [D:/HK241/project_1/project_1.srcs/sources_1/new/dmem.v:2]
INFO: [Synth 8-6157] synthesizing module 'control_unit' [D:/HK241/project_1/project_1.srcs/sources_1/new/control.v:1]
INFO: [Synth 8-6155] done synthesizing module 'control_unit' (0#1) [D:/HK241/project_1/project_1.srcs/sources_1/new/control.v:1]
INFO: [Synth 8-6157] synthesizing module 'alu_control' [D:/HK241/project_1/project_1.srcs/sources_1/new/alucontrol.v:2]
INFO: [Synth 8-226] default block is never used [D:/HK241/project_1/project_1.srcs/sources_1/new/alucontrol.v:24]
INFO: [Synth 8-6155] done synthesizing module 'alu_control' (0#1) [D:/HK241/project_1/project_1.srcs/sources_1/new/alucontrol.v:2]
INFO: [Synth 8-6155] done synthesizing module 'mips_processor' (0#1) [D:/HK241/project_1/project_1.srcs/sources_1/new/test.v:29]
WARNING: [Synth 8-4767] Trying to implement RAM 'dmem_reg' in registers. Block RAM or DRAM implementation is not possible; see log for reasons.
Reason is one or more of the following :
	1: Invalid write to RAM. 
	2: Unable to determine number of words or word size in RAM. 
	3: No valid read/write found for RAM. 
RAM "dmem_reg" dissolved into registers
---------------------------------------------------------------------------------
Finished RTL Elaboration : Time (s): cpu = 00:00:03 ; elapsed = 00:00:09 . Memory (MB): peak = 1245.445 ; gain = 641.801
---------------------------------------------------------------------------------
---------------------------------------------------------------------------------
Start Handling Custom Attributes
---------------------------------------------------------------------------------
---------------------------------------------------------------------------------
Finished Handling Custom Attributes : Time (s): cpu = 00:00:04 ; elapsed = 00:00:09 . Memory (MB): peak = 1245.445 ; gain = 641.801
---------------------------------------------------------------------------------
---------------------------------------------------------------------------------
Finished RTL Optimization Phase 1 : Time (s): cpu = 00:00:04 ; elapsed = 00:00:09 . Memory (MB): peak = 1245.445 ; gain = 641.801
---------------------------------------------------------------------------------
Netlist sorting complete. Time (s): cpu = 00:00:00 ; elapsed = 00:00:00.191 . Memory (MB): peak = 1245.445 ; gain = 0.000
INFO: [Project 1-570] Preparing netlist for logic optimization

Processing XDC Constraints
Initializing timing engine
Parsing XDC File [D:/HK241/project_1/zc702_rev_3_0.ucf.xdc]
WARNING: [Vivado 12-584] No ports matched 'PL_PJTAG_TDO_R'. [D:/HK241/project_1/zc702_rev_3_0.ucf.xdc:22]
CRITICAL WARNING: [Common 17-55] 'set_property' expects at least one object. [D:/HK241/project_1/zc702_rev_3_0.ucf.xdc:22]
Resolution: If [get_<value>] was used to populate the object, check to make sure this command returns at least one valid object.
WARNING: [Vivado 12-584] No ports matched 'PL_PJTAG_TDO_R'. [D:/HK241/project_1/zc702_rev_3_0.ucf.xdc:23]
CRITICAL WARNING: [Common 17-55] 'set_property' expects at least one object. [D:/HK241/project_1/zc702_rev_3_0.ucf.xdc:23]
Resolution: If [get_<value>] was used to populate the object, check to make sure this command returns at least one valid object.
WARNING: [Vivado 12-584] No ports matched 'PL_PJTAG_TCK'. [D:/HK241/project_1/zc702_rev_3_0.ucf.xdc:24]
CRITICAL WARNING: [Common 17-55] 'set_property' expects at least one object. [D:/HK241/project_1/zc702_rev_3_0.ucf.xdc:24]
Resolution: If [get_<value>] was used to populate the object, check to make sure this command returns at least one valid object.
WARNING: [Vivado 12-584] No ports matched 'PL_PJTAG_TCK'. [D:/HK241/project_1/zc702_rev_3_0.ucf.xdc:25]
CRITICAL WARNING: [Common 17-55] 'set_property' expects at least one object. [D:/HK241/project_1/zc702_rev_3_0.ucf.xdc:25]
Resolution: If [get_<value>] was used to populate the object, check to make sure this command returns at least one valid object.
WARNING: [Vivado 12-584] No ports matched 'PL_PJTAG_TMS'. [D:/HK241/project_1/zc702_rev_3_0.ucf.xdc:26]
CRITICAL WARNING: [Common 17-55] 'set_property' expects at least one object. [D:/HK241/project_1/zc702_rev_3_0.ucf.xdc:26]
Resolution: If [get_<value>] was used to populate the object, check to make sure this command returns at least one valid object.
WARNING: [Vivado 12-584] No ports matched 'PL_PJTAG_TMS'. [D:/HK241/project_1/zc702_rev_3_0.ucf.xdc:27]
CRITICAL WARNING: [Common 17-55] 'set_property' expects at least one object. [D:/HK241/project_1/zc702_rev_3_0.ucf.xdc:27]
Resolution: If [get_<value>] was used to populate the object, check to make sure this command returns at least one valid object.
WARNING: [Vivado 12-584] No ports matched 'PL_PJTAG_TDI'. [D:/HK241/project_1/zc702_rev_3_0.ucf.xdc:28]
CRITICAL WARNING: [Common 17-55] 'set_property' expects at least one object. [D:/HK241/project_1/zc702_rev_3_0.ucf.xdc:28]
Resolution: If [get_<value>] was used to populate the object, check to make sure this command returns at least one valid object.
WARNING: [Vivado 12-584] No ports matched 'PL_PJTAG_TDI'. [D:/HK241/project_1/zc702_rev_3_0.ucf.xdc:29]
CRITICAL WARNING: [Common 17-55] 'set_property' expects at least one object. [D:/HK241/project_1/zc702_rev_3_0.ucf.xdc:29]
Resolution: If [get_<value>] was used to populate the object, check to make sure this command returns at least one valid object.
WARNING: [Vivado 12-584] No ports matched 'IIC_SDA_MAIN_LS'. [D:/HK241/project_1/zc702_rev_3_0.ucf.xdc:30]
CRITICAL WARNING: [Common 17-55] 'set_property' expects at least one object. [D:/HK241/project_1/zc702_rev_3_0.ucf.xdc:30]
Resolution: If [get_<value>] was used to populate the object, check to make sure this command returns at least one valid object.
WARNING: [Vivado 12-584] No ports matched 'IIC_SDA_MAIN_LS'. [D:/HK241/project_1/zc702_rev_3_0.ucf.xdc:31]
CRITICAL WARNING: [Common 17-55] 'set_property' expects at least one object. [D:/HK241/project_1/zc702_rev_3_0.ucf.xdc:31]
Resolution: If [get_<value>] was used to populate the object, check to make sure this command returns at least one valid object.
WARNING: [Vivado 12-584] No ports matched 'IIC_SCL_MAIN_LS'. [D:/HK241/project_1/zc702_rev_3_0.ucf.xdc:32]
CRITICAL WARNING: [Common 17-55] 'set_property' expects at least one object. [D:/HK241/project_1/zc702_rev_3_0.ucf.xdc:32]
Resolution: If [get_<value>] was used to populate the object, check to make sure this command returns at least one valid object.
WARNING: [Vivado 12-584] No ports matched 'IIC_SCL_MAIN_LS'. [D:/HK241/project_1/zc702_rev_3_0.ucf.xdc:33]
CRITICAL WARNING: [Common 17-55] 'set_property' expects at least one object. [D:/HK241/project_1/zc702_rev_3_0.ucf.xdc:33]
Resolution: If [get_<value>] was used to populate the object, check to make sure this command returns at least one valid object.
WARNING: [Vivado 12-584] No ports matched 'PMOD2_1_LS'. [D:/HK241/project_1/zc702_rev_3_0.ucf.xdc:34]
CRITICAL WARNING: [Common 17-55] 'set_property' expects at least one object. [D:/HK241/project_1/zc702_rev_3_0.ucf.xdc:34]
Resolution: If [get_<value>] was used to populate the object, check to make sure this command returns at least one valid object.
WARNING: [Vivado 12-584] No ports matched 'PMOD2_1_LS'. [D:/HK241/project_1/zc702_rev_3_0.ucf.xdc:35]
CRITICAL WARNING: [Common 17-55] 'set_property' expects at least one object. [D:/HK241/project_1/zc702_rev_3_0.ucf.xdc:35]
Resolution: If [get_<value>] was used to populate the object, check to make sure this command returns at least one valid object.
WARNING: [Vivado 12-584] No ports matched 'FMC2_LPC_LA23_P'. [D:/HK241/project_1/zc702_rev_3_0.ucf.xdc:36]
CRITICAL WARNING: [Common 17-55] 'set_property' expects at least one object. [D:/HK241/project_1/zc702_rev_3_0.ucf.xdc:36]
Resolution: If [get_<value>] was used to populate the object, check to make sure this command returns at least one valid object.
WARNING: [Vivado 12-584] No ports matched 'FMC2_LPC_LA23_P'. [D:/HK241/project_1/zc702_rev_3_0.ucf.xdc:37]
CRITICAL WARNING: [Common 17-55] 'set_property' expects at least one object. [D:/HK241/project_1/zc702_rev_3_0.ucf.xdc:37]
Resolution: If [get_<value>] was used to populate the object, check to make sure this command returns at least one valid object.
WARNING: [Vivado 12-584] No ports matched 'FMC2_LPC_LA23_N'. [D:/HK241/project_1/zc702_rev_3_0.ucf.xdc:38]
CRITICAL WARNING: [Common 17-55] 'set_property' expects at least one object. [D:/HK241/project_1/zc702_rev_3_0.ucf.xdc:38]
Resolution: If [get_<value>] was used to populate the object, check to make sure this command returns at least one valid object.
WARNING: [Vivado 12-584] No ports matched 'FMC2_LPC_LA23_N'. [D:/HK241/project_1/zc702_rev_3_0.ucf.xdc:39]
CRITICAL WARNING: [Common 17-55] 'set_property' expects at least one object. [D:/HK241/project_1/zc702_rev_3_0.ucf.xdc:39]
Resolution: If [get_<value>] was used to populate the object, check to make sure this command returns at least one valid object.
WARNING: [Vivado 12-584] No ports matched 'FMC2_LPC_LA26_P'. [D:/HK241/project_1/zc702_rev_3_0.ucf.xdc:40]
CRITICAL WARNING: [Common 17-55] 'set_property' expects at least one object. [D:/HK241/project_1/zc702_rev_3_0.ucf.xdc:40]
Resolution: If [get_<value>] was used to populate the object, check to make sure this command returns at least one valid object.
WARNING: [Vivado 12-584] No ports matched 'FMC2_LPC_LA26_P'. [D:/HK241/project_1/zc702_rev_3_0.ucf.xdc:41]
CRITICAL WARNING: [Common 17-55] 'set_property' expects at least one object. [D:/HK241/project_1/zc702_rev_3_0.ucf.xdc:41]
Resolution: If [get_<value>] was used to populate the object, check to make sure this command returns at least one valid object.
WARNING: [Vivado 12-584] No ports matched 'FMC2_LPC_LA26_N'. [D:/HK241/project_1/zc702_rev_3_0.ucf.xdc:42]
CRITICAL WARNING: [Common 17-55] 'set_property' expects at least one object. [D:/HK241/project_1/zc702_rev_3_0.ucf.xdc:42]
Resolution: If [get_<value>] was used to populate the object, check to make sure this command returns at least one valid object.
WARNING: [Vivado 12-584] No ports matched 'FMC2_LPC_LA26_N'. [D:/HK241/project_1/zc702_rev_3_0.ucf.xdc:43]
CRITICAL WARNING: [Common 17-55] 'set_property' expects at least one object. [D:/HK241/project_1/zc702_rev_3_0.ucf.xdc:43]
Resolution: If [get_<value>] was used to populate the object, check to make sure this command returns at least one valid object.
WARNING: [Vivado 12-584] No ports matched 'FMC2_LPC_LA22_P'. [D:/HK241/project_1/zc702_rev_3_0.ucf.xdc:44]
CRITICAL WARNING: [Common 17-55] 'set_property' expects at least one object. [D:/HK241/project_1/zc702_rev_3_0.ucf.xdc:44]
Resolution: If [get_<value>] was used to populate the object, check to make sure this command returns at least one valid object.
WARNING: [Vivado 12-584] No ports matched 'FMC2_LPC_LA22_P'. [D:/HK241/project_1/zc702_rev_3_0.ucf.xdc:45]
CRITICAL WARNING: [Common 17-55] 'set_property' expects at least one object. [D:/HK241/project_1/zc702_rev_3_0.ucf.xdc:45]
Resolution: If [get_<value>] was used to populate the object, check to make sure this command returns at least one valid object.
WARNING: [Vivado 12-584] No ports matched 'FMC2_LPC_LA22_N'. [D:/HK241/project_1/zc702_rev_3_0.ucf.xdc:46]
CRITICAL WARNING: [Common 17-55] 'set_property' expects at least one object. [D:/HK241/project_1/zc702_rev_3_0.ucf.xdc:46]
Resolution: If [get_<value>] was used to populate the object, check to make sure this command returns at least one valid object.
WARNING: [Vivado 12-584] No ports matched 'FMC2_LPC_LA22_N'. [D:/HK241/project_1/zc702_rev_3_0.ucf.xdc:47]
CRITICAL WARNING: [Common 17-55] 'set_property' expects at least one object. [D:/HK241/project_1/zc702_rev_3_0.ucf.xdc:47]
Resolution: If [get_<value>] was used to populate the object, check to make sure this command returns at least one valid object.
WARNING: [Vivado 12-584] No ports matched 'FMC2_LPC_LA25_P'. [D:/HK241/project_1/zc702_rev_3_0.ucf.xdc:48]
CRITICAL WARNING: [Common 17-55] 'set_property' expects at least one object. [D:/HK241/project_1/zc702_rev_3_0.ucf.xdc:48]
Resolution: If [get_<value>] was used to populate the object, check to make sure this command returns at least one valid object.
WARNING: [Vivado 12-584] No ports matched 'FMC2_LPC_LA25_P'. [D:/HK241/project_1/zc702_rev_3_0.ucf.xdc:49]
CRITICAL WARNING: [Common 17-55] 'set_property' expects at least one object. [D:/HK241/project_1/zc702_rev_3_0.ucf.xdc:49]
Resolution: If [get_<value>] was used to populate the object, check to make sure this command returns at least one valid object.
WARNING: [Vivado 12-584] No ports matched 'FMC2_LPC_LA25_N'. [D:/HK241/project_1/zc702_rev_3_0.ucf.xdc:50]
CRITICAL WARNING: [Common 17-55] 'set_property' expects at least one object. [D:/HK241/project_1/zc702_rev_3_0.ucf.xdc:50]
Resolution: If [get_<value>] was used to populate the object, check to make sure this command returns at least one valid object.
WARNING: [Vivado 12-584] No ports matched 'FMC2_LPC_LA25_N'. [D:/HK241/project_1/zc702_rev_3_0.ucf.xdc:51]
CRITICAL WARNING: [Common 17-55] 'set_property' expects at least one object. [D:/HK241/project_1/zc702_rev_3_0.ucf.xdc:51]
Resolution: If [get_<value>] was used to populate the object, check to make sure this command returns at least one valid object.
WARNING: [Vivado 12-584] No ports matched 'FMC2_LPC_LA29_P'. [D:/HK241/project_1/zc702_rev_3_0.ucf.xdc:52]
CRITICAL WARNING: [Common 17-55] 'set_property' expects at least one object. [D:/HK241/project_1/zc702_rev_3_0.ucf.xdc:52]
Resolution: If [get_<value>] was used to populate the object, check to make sure this command returns at least one valid object.
WARNING: [Vivado 12-584] No ports matched 'FMC2_LPC_LA29_P'. [D:/HK241/project_1/zc702_rev_3_0.ucf.xdc:53]
CRITICAL WARNING: [Common 17-55] 'set_property' expects at least one object. [D:/HK241/project_1/zc702_rev_3_0.ucf.xdc:53]
Resolution: If [get_<value>] was used to populate the object, check to make sure this command returns at least one valid object.
WARNING: [Vivado 12-584] No ports matched 'FMC2_LPC_LA29_N'. [D:/HK241/project_1/zc702_rev_3_0.ucf.xdc:54]
CRITICAL WARNING: [Common 17-55] 'set_property' expects at least one object. [D:/HK241/project_1/zc702_rev_3_0.ucf.xdc:54]
Resolution: If [get_<value>] was used to populate the object, check to make sure this command returns at least one valid object.
WARNING: [Vivado 12-584] No ports matched 'FMC2_LPC_LA29_N'. [D:/HK241/project_1/zc702_rev_3_0.ucf.xdc:55]
CRITICAL WARNING: [Common 17-55] 'set_property' expects at least one object. [D:/HK241/project_1/zc702_rev_3_0.ucf.xdc:55]
Resolution: If [get_<value>] was used to populate the object, check to make sure this command returns at least one valid object.
WARNING: [Vivado 12-584] No ports matched 'FMC2_LPC_LA31_P'. [D:/HK241/project_1/zc702_rev_3_0.ucf.xdc:56]
CRITICAL WARNING: [Common 17-55] 'set_property' expects at least one object. [D:/HK241/project_1/zc702_rev_3_0.ucf.xdc:56]
Resolution: If [get_<value>] was used to populate the object, check to make sure this command returns at least one valid object.
WARNING: [Vivado 12-584] No ports matched 'FMC2_LPC_LA31_P'. [D:/HK241/project_1/zc702_rev_3_0.ucf.xdc:57]
CRITICAL WARNING: [Common 17-55] 'set_property' expects at least one object. [D:/HK241/project_1/zc702_rev_3_0.ucf.xdc:57]
Resolution: If [get_<value>] was used to populate the object, check to make sure this command returns at least one valid object.
WARNING: [Vivado 12-584] No ports matched 'FMC2_LPC_LA31_N'. [D:/HK241/project_1/zc702_rev_3_0.ucf.xdc:58]
CRITICAL WARNING: [Common 17-55] 'set_property' expects at least one object. [D:/HK241/project_1/zc702_rev_3_0.ucf.xdc:58]
Resolution: If [get_<value>] was used to populate the object, check to make sure this command returns at least one valid object.
WARNING: [Vivado 12-584] No ports matched 'FMC2_LPC_LA31_N'. [D:/HK241/project_1/zc702_rev_3_0.ucf.xdc:59]
CRITICAL WARNING: [Common 17-55] 'set_property' expects at least one object. [D:/HK241/project_1/zc702_rev_3_0.ucf.xdc:59]
Resolution: If [get_<value>] was used to populate the object, check to make sure this command returns at least one valid object.
WARNING: [Vivado 12-584] No ports matched 'FMC2_LPC_LA33_P'. [D:/HK241/project_1/zc702_rev_3_0.ucf.xdc:60]
CRITICAL WARNING: [Common 17-55] 'set_property' expects at least one object. [D:/HK241/project_1/zc702_rev_3_0.ucf.xdc:60]
Resolution: If [get_<value>] was used to populate the object, check to make sure this command returns at least one valid object.
WARNING: [Vivado 12-584] No ports matched 'FMC2_LPC_LA33_P'. [D:/HK241/project_1/zc702_rev_3_0.ucf.xdc:61]
CRITICAL WARNING: [Common 17-55] 'set_property' expects at least one object. [D:/HK241/project_1/zc702_rev_3_0.ucf.xdc:61]
Resolution: If [get_<value>] was used to populate the object, check to make sure this command returns at least one valid object.
WARNING: [Vivado 12-584] No ports matched 'FMC2_LPC_LA33_N'. [D:/HK241/project_1/zc702_rev_3_0.ucf.xdc:62]
CRITICAL WARNING: [Common 17-55] 'set_property' expects at least one object. [D:/HK241/project_1/zc702_rev_3_0.ucf.xdc:62]
Resolution: If [get_<value>] was used to populate the object, check to make sure this command returns at least one valid object.
WARNING: [Vivado 12-584] No ports matched 'FMC2_LPC_LA33_N'. [D:/HK241/project_1/zc702_rev_3_0.ucf.xdc:63]
CRITICAL WARNING: [Common 17-55] 'set_property' expects at least one object. [D:/HK241/project_1/zc702_rev_3_0.ucf.xdc:63]
Resolution: If [get_<value>] was used to populate the object, check to make sure this command returns at least one valid object.
WARNING: [Vivado 12-584] No ports matched 'FMC2_LPC_LA18_CC_P'. [D:/HK241/project_1/zc702_rev_3_0.ucf.xdc:64]
CRITICAL WARNING: [Common 17-55] 'set_property' expects at least one object. [D:/HK241/project_1/zc702_rev_3_0.ucf.xdc:64]
Resolution: If [get_<value>] was used to populate the object, check to make sure this command returns at least one valid object.
WARNING: [Vivado 12-584] No ports matched 'FMC2_LPC_LA18_CC_P'. [D:/HK241/project_1/zc702_rev_3_0.ucf.xdc:65]
CRITICAL WARNING: [Common 17-55] 'set_property' expects at least one object. [D:/HK241/project_1/zc702_rev_3_0.ucf.xdc:65]
Resolution: If [get_<value>] was used to populate the object, check to make sure this command returns at least one valid object.
WARNING: [Vivado 12-584] No ports matched 'FMC2_LPC_LA18_CC_N'. [D:/HK241/project_1/zc702_rev_3_0.ucf.xdc:66]
CRITICAL WARNING: [Common 17-55] 'set_property' expects at least one object. [D:/HK241/project_1/zc702_rev_3_0.ucf.xdc:66]
Resolution: If [get_<value>] was used to populate the object, check to make sure this command returns at least one valid object.
WARNING: [Vivado 12-584] No ports matched 'FMC2_LPC_LA18_CC_N'. [D:/HK241/project_1/zc702_rev_3_0.ucf.xdc:67]
CRITICAL WARNING: [Common 17-55] 'set_property' expects at least one object. [D:/HK241/project_1/zc702_rev_3_0.ucf.xdc:67]
Resolution: If [get_<value>] was used to populate the object, check to make sure this command returns at least one valid object.
WARNING: [Vivado 12-584] No ports matched 'USRCLK_P'. [D:/HK241/project_1/zc702_rev_3_0.ucf.xdc:68]
CRITICAL WARNING: [Common 17-55] 'set_property' expects at least one object. [D:/HK241/project_1/zc702_rev_3_0.ucf.xdc:68]
Resolution: If [get_<value>] was used to populate the object, check to make sure this command returns at least one valid object.
WARNING: [Vivado 12-584] No ports matched 'USRCLK_P'. [D:/HK241/project_1/zc702_rev_3_0.ucf.xdc:69]
CRITICAL WARNING: [Common 17-55] 'set_property' expects at least one object. [D:/HK241/project_1/zc702_rev_3_0.ucf.xdc:69]
Resolution: If [get_<value>] was used to populate the object, check to make sure this command returns at least one valid object.
WARNING: [Vivado 12-584] No ports matched 'USRCLK_N'. [D:/HK241/project_1/zc702_rev_3_0.ucf.xdc:70]
CRITICAL WARNING: [Common 17-55] 'set_property' expects at least one object. [D:/HK241/project_1/zc702_rev_3_0.ucf.xdc:70]
Resolution: If [get_<value>] was used to populate the object, check to make sure this command returns at least one valid object.
WARNING: [Vivado 12-584] No ports matched 'USRCLK_N'. [D:/HK241/project_1/zc702_rev_3_0.ucf.xdc:71]
CRITICAL WARNING: [Common 17-55] 'set_property' expects at least one object. [D:/HK241/project_1/zc702_rev_3_0.ucf.xdc:71]
Resolution: If [get_<value>] was used to populate the object, check to make sure this command returns at least one valid object.
WARNING: [Vivado 12-584] No ports matched 'FMC2_LPC_CLK1_M2C_P'. [D:/HK241/project_1/zc702_rev_3_0.ucf.xdc:72]
CRITICAL WARNING: [Common 17-55] 'set_property' expects at least one object. [D:/HK241/project_1/zc702_rev_3_0.ucf.xdc:72]
Resolution: If [get_<value>] was used to populate the object, check to make sure this command returns at least one valid object.
WARNING: [Vivado 12-584] No ports matched 'FMC2_LPC_CLK1_M2C_P'. [D:/HK241/project_1/zc702_rev_3_0.ucf.xdc:73]
CRITICAL WARNING: [Common 17-55] 'set_property' expects at least one object. [D:/HK241/project_1/zc702_rev_3_0.ucf.xdc:73]
Resolution: If [get_<value>] was used to populate the object, check to make sure this command returns at least one valid object.
WARNING: [Vivado 12-584] No ports matched 'FMC2_LPC_CLK1_M2C_N'. [D:/HK241/project_1/zc702_rev_3_0.ucf.xdc:74]
CRITICAL WARNING: [Common 17-55] 'set_property' expects at least one object. [D:/HK241/project_1/zc702_rev_3_0.ucf.xdc:74]
Resolution: If [get_<value>] was used to populate the object, check to make sure this command returns at least one valid object.
WARNING: [Vivado 12-584] No ports matched 'FMC2_LPC_CLK1_M2C_N'. [D:/HK241/project_1/zc702_rev_3_0.ucf.xdc:75]
CRITICAL WARNING: [Common 17-55] 'set_property' expects at least one object. [D:/HK241/project_1/zc702_rev_3_0.ucf.xdc:75]
Resolution: If [get_<value>] was used to populate the object, check to make sure this command returns at least one valid object.
WARNING: [Vivado 12-584] No ports matched 'FMC2_LPC_LA17_CC_P'. [D:/HK241/project_1/zc702_rev_3_0.ucf.xdc:76]
CRITICAL WARNING: [Common 17-55] 'set_property' expects at least one object. [D:/HK241/project_1/zc702_rev_3_0.ucf.xdc:76]
Resolution: If [get_<value>] was used to populate the object, check to make sure this command returns at least one valid object.
WARNING: [Vivado 12-584] No ports matched 'FMC2_LPC_LA17_CC_P'. [D:/HK241/project_1/zc702_rev_3_0.ucf.xdc:77]
CRITICAL WARNING: [Common 17-55] 'set_property' expects at least one object. [D:/HK241/project_1/zc702_rev_3_0.ucf.xdc:77]
Resolution: If [get_<value>] was used to populate the object, check to make sure this command returns at least one valid object.
WARNING: [Vivado 12-584] No ports matched 'FMC2_LPC_LA17_CC_N'. [D:/HK241/project_1/zc702_rev_3_0.ucf.xdc:78]
CRITICAL WARNING: [Common 17-55] 'set_property' expects at least one object. [D:/HK241/project_1/zc702_rev_3_0.ucf.xdc:78]
Resolution: If [get_<value>] was used to populate the object, check to make sure this command returns at least one valid object.
WARNING: [Vivado 12-584] No ports matched 'FMC2_LPC_LA17_CC_N'. [D:/HK241/project_1/zc702_rev_3_0.ucf.xdc:79]
CRITICAL WARNING: [Common 17-55] 'set_property' expects at least one object. [D:/HK241/project_1/zc702_rev_3_0.ucf.xdc:79]
Resolution: If [get_<value>] was used to populate the object, check to make sure this command returns at least one valid object.
WARNING: [Vivado 12-584] No ports matched 'FMC2_LPC_LA27_P'. [D:/HK241/project_1/zc702_rev_3_0.ucf.xdc:80]
CRITICAL WARNING: [Common 17-55] 'set_property' expects at least one object. [D:/HK241/project_1/zc702_rev_3_0.ucf.xdc:80]
Resolution: If [get_<value>] was used to populate the object, check to make sure this command returns at least one valid object.
WARNING: [Vivado 12-584] No ports matched 'FMC2_LPC_LA27_P'. [D:/HK241/project_1/zc702_rev_3_0.ucf.xdc:81]
CRITICAL WARNING: [Common 17-55] 'set_property' expects at least one object. [D:/HK241/project_1/zc702_rev_3_0.ucf.xdc:81]
Resolution: If [get_<value>] was used to populate the object, check to make sure this command returns at least one valid object.
WARNING: [Vivado 12-584] No ports matched 'FMC2_LPC_LA27_N'. [D:/HK241/project_1/zc702_rev_3_0.ucf.xdc:82]
CRITICAL WARNING: [Common 17-55] 'set_property' expects at least one object. [D:/HK241/project_1/zc702_rev_3_0.ucf.xdc:82]
Resolution: If [get_<value>] was used to populate the object, check to make sure this command returns at least one valid object.
WARNING: [Vivado 12-584] No ports matched 'FMC2_LPC_LA27_N'. [D:/HK241/project_1/zc702_rev_3_0.ucf.xdc:83]
CRITICAL WARNING: [Common 17-55] 'set_property' expects at least one object. [D:/HK241/project_1/zc702_rev_3_0.ucf.xdc:83]
Resolution: If [get_<value>] was used to populate the object, check to make sure this command returns at least one valid object.
WARNING: [Vivado 12-584] No ports matched 'FMC2_LPC_LA28_P'. [D:/HK241/project_1/zc702_rev_3_0.ucf.xdc:84]
CRITICAL WARNING: [Common 17-55] 'set_property' expects at least one object. [D:/HK241/project_1/zc702_rev_3_0.ucf.xdc:84]
Resolution: If [get_<value>] was used to populate the object, check to make sure this command returns at least one valid object.
WARNING: [Vivado 12-584] No ports matched 'FMC2_LPC_LA28_P'. [D:/HK241/project_1/zc702_rev_3_0.ucf.xdc:85]
CRITICAL WARNING: [Common 17-55] 'set_property' expects at least one object. [D:/HK241/project_1/zc702_rev_3_0.ucf.xdc:85]
Resolution: If [get_<value>] was used to populate the object, check to make sure this command returns at least one valid object.
WARNING: [Vivado 12-584] No ports matched 'FMC2_LPC_LA28_N'. [D:/HK241/project_1/zc702_rev_3_0.ucf.xdc:86]
CRITICAL WARNING: [Common 17-55] 'set_property' expects at least one object. [D:/HK241/project_1/zc702_rev_3_0.ucf.xdc:86]
Resolution: If [get_<value>] was used to populate the object, check to make sure this command returns at least one valid object.
WARNING: [Vivado 12-584] No ports matched 'FMC2_LPC_LA28_N'. [D:/HK241/project_1/zc702_rev_3_0.ucf.xdc:87]
CRITICAL WARNING: [Common 17-55] 'set_property' expects at least one object. [D:/HK241/project_1/zc702_rev_3_0.ucf.xdc:87]
Resolution: If [get_<value>] was used to populate the object, check to make sure this command returns at least one valid object.
WARNING: [Vivado 12-584] No ports matched 'FMC2_LPC_LA30_P'. [D:/HK241/project_1/zc702_rev_3_0.ucf.xdc:88]
CRITICAL WARNING: [Common 17-55] 'set_property' expects at least one object. [D:/HK241/project_1/zc702_rev_3_0.ucf.xdc:88]
Resolution: If [get_<value>] was used to populate the object, check to make sure this command returns at least one valid object.
WARNING: [Vivado 12-584] No ports matched 'FMC2_LPC_LA30_P'. [D:/HK241/project_1/zc702_rev_3_0.ucf.xdc:89]
CRITICAL WARNING: [Common 17-55] 'set_property' expects at least one object. [D:/HK241/project_1/zc702_rev_3_0.ucf.xdc:89]
Resolution: If [get_<value>] was used to populate the object, check to make sure this command returns at least one valid object.
WARNING: [Vivado 12-584] No ports matched 'FMC2_LPC_LA30_N'. [D:/HK241/project_1/zc702_rev_3_0.ucf.xdc:90]
CRITICAL WARNING: [Common 17-55] 'set_property' expects at least one object. [D:/HK241/project_1/zc702_rev_3_0.ucf.xdc:90]
Resolution: If [get_<value>] was used to populate the object, check to make sure this command returns at least one valid object.
WARNING: [Vivado 12-584] No ports matched 'FMC2_LPC_LA30_N'. [D:/HK241/project_1/zc702_rev_3_0.ucf.xdc:91]
CRITICAL WARNING: [Common 17-55] 'set_property' expects at least one object. [D:/HK241/project_1/zc702_rev_3_0.ucf.xdc:91]
Resolution: If [get_<value>] was used to populate the object, check to make sure this command returns at least one valid object.
WARNING: [Vivado 12-584] No ports matched 'FMC2_LPC_LA32_P'. [D:/HK241/project_1/zc702_rev_3_0.ucf.xdc:92]
CRITICAL WARNING: [Common 17-55] 'set_property' expects at least one object. [D:/HK241/project_1/zc702_rev_3_0.ucf.xdc:92]
Resolution: If [get_<value>] was used to populate the object, check to make sure this command returns at least one valid object.
WARNING: [Vivado 12-584] No ports matched 'FMC2_LPC_LA32_P'. [D:/HK241/project_1/zc702_rev_3_0.ucf.xdc:93]
CRITICAL WARNING: [Common 17-55] 'set_property' expects at least one object. [D:/HK241/project_1/zc702_rev_3_0.ucf.xdc:93]
Resolution: If [get_<value>] was used to populate the object, check to make sure this command returns at least one valid object.
WARNING: [Vivado 12-584] No ports matched 'FMC2_LPC_LA32_N'. [D:/HK241/project_1/zc702_rev_3_0.ucf.xdc:94]
CRITICAL WARNING: [Common 17-55] 'set_property' expects at least one object. [D:/HK241/project_1/zc702_rev_3_0.ucf.xdc:94]
Resolution: If [get_<value>] was used to populate the object, check to make sure this command returns at least one valid object.
WARNING: [Vivado 12-584] No ports matched 'FMC2_LPC_LA32_N'. [D:/HK241/project_1/zc702_rev_3_0.ucf.xdc:95]
CRITICAL WARNING: [Common 17-55] 'set_property' expects at least one object. [D:/HK241/project_1/zc702_rev_3_0.ucf.xdc:95]
Resolution: If [get_<value>] was used to populate the object, check to make sure this command returns at least one valid object.
WARNING: [Vivado 12-584] No ports matched 'FMC2_LPC_LA19_P'. [D:/HK241/project_1/zc702_rev_3_0.ucf.xdc:96]
CRITICAL WARNING: [Common 17-55] 'set_property' expects at least one object. [D:/HK241/project_1/zc702_rev_3_0.ucf.xdc:96]
Resolution: If [get_<value>] was used to populate the object, check to make sure this command returns at least one valid object.
WARNING: [Vivado 12-584] No ports matched 'FMC2_LPC_LA19_P'. [D:/HK241/project_1/zc702_rev_3_0.ucf.xdc:97]
CRITICAL WARNING: [Common 17-55] 'set_property' expects at least one object. [D:/HK241/project_1/zc702_rev_3_0.ucf.xdc:97]
Resolution: If [get_<value>] was used to populate the object, check to make sure this command returns at least one valid object.
WARNING: [Vivado 12-584] No ports matched 'FMC2_LPC_LA19_N'. [D:/HK241/project_1/zc702_rev_3_0.ucf.xdc:98]
CRITICAL WARNING: [Common 17-55] 'set_property' expects at least one object. [D:/HK241/project_1/zc702_rev_3_0.ucf.xdc:98]
Resolution: If [get_<value>] was used to populate the object, check to make sure this command returns at least one valid object.
WARNING: [Vivado 12-584] No ports matched 'FMC2_LPC_LA19_N'. [D:/HK241/project_1/zc702_rev_3_0.ucf.xdc:99]
CRITICAL WARNING: [Common 17-55] 'set_property' expects at least one object. [D:/HK241/project_1/zc702_rev_3_0.ucf.xdc:99]
Resolution: If [get_<value>] was used to populate the object, check to make sure this command returns at least one valid object.
WARNING: [Vivado 12-584] No ports matched 'FMC2_LPC_LA20_P'. [D:/HK241/project_1/zc702_rev_3_0.ucf.xdc:100]
CRITICAL WARNING: [Common 17-55] 'set_property' expects at least one object. [D:/HK241/project_1/zc702_rev_3_0.ucf.xdc:100]
Resolution: If [get_<value>] was used to populate the object, check to make sure this command returns at least one valid object.
WARNING: [Vivado 12-584] No ports matched 'FMC2_LPC_LA20_P'. [D:/HK241/project_1/zc702_rev_3_0.ucf.xdc:101]
CRITICAL WARNING: [Common 17-55] 'set_property' expects at least one object. [D:/HK241/project_1/zc702_rev_3_0.ucf.xdc:101]
Resolution: If [get_<value>] was used to populate the object, check to make sure this command returns at least one valid object.
WARNING: [Vivado 12-584] No ports matched 'FMC2_LPC_LA20_N'. [D:/HK241/project_1/zc702_rev_3_0.ucf.xdc:102]
CRITICAL WARNING: [Common 17-55] 'set_property' expects at least one object. [D:/HK241/project_1/zc702_rev_3_0.ucf.xdc:102]
Resolution: If [get_<value>] was used to populate the object, check to make sure this command returns at least one valid object.
WARNING: [Vivado 12-584] No ports matched 'FMC2_LPC_LA20_N'. [D:/HK241/project_1/zc702_rev_3_0.ucf.xdc:103]
CRITICAL WARNING: [Common 17-55] 'set_property' expects at least one object. [D:/HK241/project_1/zc702_rev_3_0.ucf.xdc:103]
Resolution: If [get_<value>] was used to populate the object, check to make sure this command returns at least one valid object.
WARNING: [Vivado 12-584] No ports matched 'FMC2_LPC_LA21_P'. [D:/HK241/project_1/zc702_rev_3_0.ucf.xdc:104]
CRITICAL WARNING: [Common 17-55] 'set_property' expects at least one object. [D:/HK241/project_1/zc702_rev_3_0.ucf.xdc:104]
Resolution: If [get_<value>] was used to populate the object, check to make sure this command returns at least one valid object.
WARNING: [Vivado 12-584] No ports matched 'FMC2_LPC_LA21_P'. [D:/HK241/project_1/zc702_rev_3_0.ucf.xdc:105]
CRITICAL WARNING: [Common 17-55] 'set_property' expects at least one object. [D:/HK241/project_1/zc702_rev_3_0.ucf.xdc:105]
Resolution: If [get_<value>] was used to populate the object, check to make sure this command returns at least one valid object.
WARNING: [Vivado 12-584] No ports matched 'FMC2_LPC_LA21_N'. [D:/HK241/project_1/zc702_rev_3_0.ucf.xdc:106]
CRITICAL WARNING: [Common 17-55] 'set_property' expects at least one object. [D:/HK241/project_1/zc702_rev_3_0.ucf.xdc:106]
Resolution: If [get_<value>] was used to populate the object, check to make sure this command returns at least one valid object.
WARNING: [Vivado 12-584] No ports matched 'FMC2_LPC_LA21_N'. [D:/HK241/project_1/zc702_rev_3_0.ucf.xdc:107]
CRITICAL WARNING: [Common 17-55] 'set_property' expects at least one object. [D:/HK241/project_1/zc702_rev_3_0.ucf.xdc:107]
Resolution: If [get_<value>] was used to populate the object, check to make sure this command returns at least one valid object.
WARNING: [Vivado 12-584] No ports matched 'FMC2_LPC_LA24_P'. [D:/HK241/project_1/zc702_rev_3_0.ucf.xdc:108]
CRITICAL WARNING: [Common 17-55] 'set_property' expects at least one object. [D:/HK241/project_1/zc702_rev_3_0.ucf.xdc:108]
Resolution: If [get_<value>] was used to populate the object, check to make sure this command returns at least one valid object.
WARNING: [Vivado 12-584] No ports matched 'FMC2_LPC_LA24_P'. [D:/HK241/project_1/zc702_rev_3_0.ucf.xdc:109]
CRITICAL WARNING: [Common 17-55] 'set_property' expects at least one object. [D:/HK241/project_1/zc702_rev_3_0.ucf.xdc:109]
Resolution: If [get_<value>] was used to populate the object, check to make sure this command returns at least one valid object.
WARNING: [Vivado 12-584] No ports matched 'FMC2_LPC_LA24_N'. [D:/HK241/project_1/zc702_rev_3_0.ucf.xdc:110]
CRITICAL WARNING: [Common 17-55] 'set_property' expects at least one object. [D:/HK241/project_1/zc702_rev_3_0.ucf.xdc:110]
Resolution: If [get_<value>] was used to populate the object, check to make sure this command returns at least one valid object.
WARNING: [Vivado 12-584] No ports matched 'FMC2_LPC_LA24_N'. [D:/HK241/project_1/zc702_rev_3_0.ucf.xdc:111]
CRITICAL WARNING: [Common 17-55] 'set_property' expects at least one object. [D:/HK241/project_1/zc702_rev_3_0.ucf.xdc:111]
Resolution: If [get_<value>] was used to populate the object, check to make sure this command returns at least one valid object.
WARNING: [Vivado 12-584] No ports matched 'PMOD2_0_LS'. [D:/HK241/project_1/zc702_rev_3_0.ucf.xdc:112]
CRITICAL WARNING: [Common 17-55] 'set_property' expects at least one object. [D:/HK241/project_1/zc702_rev_3_0.ucf.xdc:112]
Resolution: If [get_<value>] was used to populate the object, check to make sure this command returns at least one valid object.
WARNING: [Vivado 12-584] No ports matched 'PMOD2_0_LS'. [D:/HK241/project_1/zc702_rev_3_0.ucf.xdc:113]
CRITICAL WARNING: [Common 17-55] 'set_property' expects at least one object. [D:/HK241/project_1/zc702_rev_3_0.ucf.xdc:113]
Resolution: If [get_<value>] was used to populate the object, check to make sure this command returns at least one valid object.
WARNING: [Vivado 12-584] No ports matched 'GPIO_DIP_SW1'. [D:/HK241/project_1/zc702_rev_3_0.ucf.xdc:114]
CRITICAL WARNING: [Common 17-55] 'set_property' expects at least one object. [D:/HK241/project_1/zc702_rev_3_0.ucf.xdc:114]
Resolution: If [get_<value>] was used to populate the object, check to make sure this command returns at least one valid object.
WARNING: [Vivado 12-584] No ports matched 'GPIO_DIP_SW1'. [D:/HK241/project_1/zc702_rev_3_0.ucf.xdc:115]
CRITICAL WARNING: [Common 17-55] 'set_property' expects at least one object. [D:/HK241/project_1/zc702_rev_3_0.ucf.xdc:115]
Resolution: If [get_<value>] was used to populate the object, check to make sure this command returns at least one valid object.
WARNING: [Vivado 12-584] No ports matched 'GPIO_DIP_SW0'. [D:/HK241/project_1/zc702_rev_3_0.ucf.xdc:116]
CRITICAL WARNING: [Common 17-55] 'set_property' expects at least one object. [D:/HK241/project_1/zc702_rev_3_0.ucf.xdc:116]
Resolution: If [get_<value>] was used to populate the object, check to make sure this command returns at least one valid object.
WARNING: [Vivado 12-584] No ports matched 'GPIO_DIP_SW0'. [D:/HK241/project_1/zc702_rev_3_0.ucf.xdc:117]
CRITICAL WARNING: [Common 17-55] 'set_property' expects at least one object. [D:/HK241/project_1/zc702_rev_3_0.ucf.xdc:117]
Resolution: If [get_<value>] was used to populate the object, check to make sure this command returns at least one valid object.
WARNING: [Vivado 12-584] No ports matched 'PMOD1_3_LS'. [D:/HK241/project_1/zc702_rev_3_0.ucf.xdc:118]
CRITICAL WARNING: [Common 17-55] 'set_property' expects at least one object. [D:/HK241/project_1/zc702_rev_3_0.ucf.xdc:118]
Resolution: If [get_<value>] was used to populate the object, check to make sure this command returns at least one valid object.
WARNING: [Vivado 12-584] No ports matched 'PMOD1_3_LS'. [D:/HK241/project_1/zc702_rev_3_0.ucf.xdc:119]
CRITICAL WARNING: [Common 17-55] 'set_property' expects at least one object. [D:/HK241/project_1/zc702_rev_3_0.ucf.xdc:119]
Resolution: If [get_<value>] was used to populate the object, check to make sure this command returns at least one valid object.
WARNING: [Vivado 12-584] No ports matched 'IIC_RTC_IRQ_1_B'. [D:/HK241/project_1/zc702_rev_3_0.ucf.xdc:120]
CRITICAL WARNING: [Common 17-55] 'set_property' expects at least one object. [D:/HK241/project_1/zc702_rev_3_0.ucf.xdc:120]
Resolution: If [get_<value>] was used to populate the object, check to make sure this command returns at least one valid object.
WARNING: [Vivado 12-584] No ports matched 'IIC_RTC_IRQ_1_B'. [D:/HK241/project_1/zc702_rev_3_0.ucf.xdc:121]
INFO: [Common 17-14] Message 'Vivado 12-584' appears 100 times and further instances of the messages will be disabled. Use the Tcl command set_msg_config to change the current settings. [D:/HK241/project_1/zc702_rev_3_0.ucf.xdc:121]
CRITICAL WARNING: [Common 17-55] 'set_property' expects at least one object. [D:/HK241/project_1/zc702_rev_3_0.ucf.xdc:121]
Resolution: If [get_<value>] was used to populate the object, check to make sure this command returns at least one valid object.
Finished Parsing XDC File [D:/HK241/project_1/zc702_rev_3_0.ucf.xdc]
Completed Processing XDC Constraints

Netlist sorting complete. Time (s): cpu = 00:00:00 ; elapsed = 00:00:00.002 . Memory (MB): peak = 1331.750 ; gain = 0.000
INFO: [Project 1-111] Unisim Transformation Summary:
No Unisim elements were transformed.

Constraint Validation Runtime : Time (s): cpu = 00:00:00 ; elapsed = 00:00:00.086 . Memory (MB): peak = 1331.750 ; gain = 0.000
INFO: [Designutils 20-5440] No compile time benefit to using incremental synthesis; A full resynthesis will be run
INFO: [Designutils 20-4379] Flow is switching to default flow due to incremental criteria not met. If you would like to alter this behaviour and have the flow terminate instead, please set the following parameter config_implementation {autoIncr.Synth.RejectBehavior Terminate}
---------------------------------------------------------------------------------
Finished Constraint Validation : Time (s): cpu = 00:00:10 ; elapsed = 00:00:21 . Memory (MB): peak = 1331.750 ; gain = 728.105
---------------------------------------------------------------------------------
---------------------------------------------------------------------------------
Start Loading Part and Timing Information
---------------------------------------------------------------------------------
Loading part: xc7z020clg484-1
---------------------------------------------------------------------------------
Finished Loading Part and Timing Information : Time (s): cpu = 00:00:10 ; elapsed = 00:00:21 . Memory (MB): peak = 1331.750 ; gain = 728.105
---------------------------------------------------------------------------------
---------------------------------------------------------------------------------
Start Applying 'set_property' XDC Constraints
---------------------------------------------------------------------------------
---------------------------------------------------------------------------------
Finished applying 'set_property' XDC Constraints : Time (s): cpu = 00:00:10 ; elapsed = 00:00:21 . Memory (MB): peak = 1331.750 ; gain = 728.105
---------------------------------------------------------------------------------
---------------------------------------------------------------------------------
Finished RTL Optimization Phase 2 : Time (s): cpu = 00:00:14 ; elapsed = 00:00:32 . Memory (MB): peak = 1331.750 ; gain = 728.105
---------------------------------------------------------------------------------
---------------------------------------------------------------------------------
Start RTL Component Statistics 
---------------------------------------------------------------------------------
Detailed RTL Component Info : 
+---Adders : 
	   2 Input   32 Bit       Adders := 1     
	   3 Input   32 Bit       Adders := 2     
+---Registers : 
	               32 Bit    Registers := 34    
	                8 Bit    Registers := 257   
+---Muxes : 
	   4 Input 2056 Bit        Muxes := 1     
	   2 Input   32 Bit        Muxes := 7     
	  39 Input   32 Bit        Muxes := 1     
	   2 Input   16 Bit        Muxes := 1     
	   2 Input    8 Bit        Muxes := 640   
	   2 Input    5 Bit        Muxes := 1     
	   2 Input    4 Bit        Muxes := 1     
	   5 Input    4 Bit        Muxes := 1     
	  13 Input    2 Bit        Muxes := 2     
	   2 Input    2 Bit        Muxes := 2     
	   6 Input    2 Bit        Muxes := 1     
	   2 Input    1 Bit        Muxes := 32    
	  13 Input    1 Bit        Muxes := 9     
	   6 Input    1 Bit        Muxes := 1     
---------------------------------------------------------------------------------
Finished RTL Component Statistics 
---------------------------------------------------------------------------------
---------------------------------------------------------------------------------
Start Part Resource Summary
---------------------------------------------------------------------------------
Part Resources:
DSPs: 220 (col length:60)
BRAMs: 280 (col length: RAMB18 60 RAMB36 30)
---------------------------------------------------------------------------------
Finished Part Resource Summary
---------------------------------------------------------------------------------
---------------------------------------------------------------------------------
Start Cross Boundary and Area Optimization
---------------------------------------------------------------------------------
WARNING: [Synth 8-7080] Parallel synthesis criteria is not met
---------------------------------------------------------------------------------
Finished Cross Boundary and Area Optimization : Time (s): cpu = 00:00:30 ; elapsed = 00:01:12 . Memory (MB): peak = 1689.762 ; gain = 1086.117
---------------------------------------------------------------------------------
---------------------------------------------------------------------------------
Start Applying XDC Timing Constraints
---------------------------------------------------------------------------------
---------------------------------------------------------------------------------
Finished Applying XDC Timing Constraints : Time (s): cpu = 00:00:33 ; elapsed = 00:01:20 . Memory (MB): peak = 1689.762 ; gain = 1086.117
---------------------------------------------------------------------------------
---------------------------------------------------------------------------------
Start Timing Optimization
---------------------------------------------------------------------------------
---------------------------------------------------------------------------------
Finished Timing Optimization : Time (s): cpu = 00:00:36 ; elapsed = 00:01:26 . Memory (MB): peak = 1689.762 ; gain = 1086.117
---------------------------------------------------------------------------------
---------------------------------------------------------------------------------
Start Technology Mapping
---------------------------------------------------------------------------------
---------------------------------------------------------------------------------
Finished Technology Mapping : Time (s): cpu = 00:00:39 ; elapsed = 00:01:31 . Memory (MB): peak = 1729.152 ; gain = 1125.508
---------------------------------------------------------------------------------
---------------------------------------------------------------------------------
Start IO Insertion
---------------------------------------------------------------------------------
---------------------------------------------------------------------------------
Start Flattening Before IO Insertion
---------------------------------------------------------------------------------
---------------------------------------------------------------------------------
Finished Flattening Before IO Insertion
---------------------------------------------------------------------------------
---------------------------------------------------------------------------------
Start Final Netlist Cleanup
---------------------------------------------------------------------------------
---------------------------------------------------------------------------------
Finished Final Netlist Cleanup
---------------------------------------------------------------------------------
---------------------------------------------------------------------------------
Finished IO Insertion : Time (s): cpu = 00:00:42 ; elapsed = 00:01:37 . Memory (MB): peak = 1741.547 ; gain = 1137.902
---------------------------------------------------------------------------------
---------------------------------------------------------------------------------
Start Renaming Generated Instances
---------------------------------------------------------------------------------
---------------------------------------------------------------------------------
Finished Renaming Generated Instances : Time (s): cpu = 00:00:42 ; elapsed = 00:01:37 . Memory (MB): peak = 1741.547 ; gain = 1137.902
---------------------------------------------------------------------------------
---------------------------------------------------------------------------------
Start Rebuilding User Hierarchy
---------------------------------------------------------------------------------
---------------------------------------------------------------------------------
Finished Rebuilding User Hierarchy : Time (s): cpu = 00:00:42 ; elapsed = 00:01:37 . Memory (MB): peak = 1741.547 ; gain = 1137.902
---------------------------------------------------------------------------------
---------------------------------------------------------------------------------
Start Renaming Generated Ports
---------------------------------------------------------------------------------
---------------------------------------------------------------------------------
Finished Renaming Generated Ports : Time (s): cpu = 00:00:42 ; elapsed = 00:01:37 . Memory (MB): peak = 1741.547 ; gain = 1137.902
---------------------------------------------------------------------------------
---------------------------------------------------------------------------------
Start Handling Custom Attributes
---------------------------------------------------------------------------------
---------------------------------------------------------------------------------
Finished Handling Custom Attributes : Time (s): cpu = 00:00:42 ; elapsed = 00:01:38 . Memory (MB): peak = 1741.547 ; gain = 1137.902
---------------------------------------------------------------------------------
---------------------------------------------------------------------------------
Start Renaming Generated Nets
---------------------------------------------------------------------------------
---------------------------------------------------------------------------------
Finished Renaming Generated Nets : Time (s): cpu = 00:00:42 ; elapsed = 00:01:39 . Memory (MB): peak = 1741.547 ; gain = 1137.902
---------------------------------------------------------------------------------
---------------------------------------------------------------------------------
Start Writing Synthesis Report
---------------------------------------------------------------------------------

Report BlackBoxes: 
+-+--------------+----------+
| |BlackBox name |Instances |
+-+--------------+----------+
+-+--------------+----------+

Report Cell Usage: 
+------+-------+------+
|      |Cell   |Count |
+------+-------+------+
|1     |BUFG   |     1|
|2     |CARRY4 |    28|
|3     |LUT1   |     1|
|4     |LUT2   |   121|
|5     |LUT3   |   133|
|6     |LUT4   |  1240|
|7     |LUT5   |  1074|
|8     |LUT6   |  5593|
|9     |MUXF7  |   530|
|10    |MUXF8  |   200|
|11    |FDCE   |   224|
|12    |FDRE   |  2116|
|13    |IBUF   |     2|
|14    |OBUF   |    64|
+------+-------+------+
---------------------------------------------------------------------------------
Finished Writing Synthesis Report : Time (s): cpu = 00:00:43 ; elapsed = 00:01:39 . Memory (MB): peak = 1741.547 ; gain = 1137.902
---------------------------------------------------------------------------------
Synthesis finished with 0 errors, 0 critical warnings and 1 warnings.
Synthesis Optimization Runtime : Time (s): cpu = 00:00:38 ; elapsed = 00:01:34 . Memory (MB): peak = 1741.547 ; gain = 1051.598
Synthesis Optimization Complete : Time (s): cpu = 00:00:43 ; elapsed = 00:01:39 . Memory (MB): peak = 1741.547 ; gain = 1137.902
INFO: [Project 1-571] Translating synthesized netlist
Netlist sorting complete. Time (s): cpu = 00:00:00 ; elapsed = 00:00:00.154 . Memory (MB): peak = 1741.547 ; gain = 0.000
INFO: [Netlist 29-17] Analyzing 758 Unisim elements for replacement
INFO: [Netlist 29-28] Unisim Transformation completed in 0 CPU seconds
INFO: [Project 1-570] Preparing netlist for logic optimization
INFO: [Opt 31-138] Pushed 0 inverter(s) to 0 load pin(s).
Netlist sorting complete. Time (s): cpu = 00:00:00 ; elapsed = 00:00:00.002 . Memory (MB): peak = 1741.547 ; gain = 0.000
INFO: [Project 1-111] Unisim Transformation Summary:
No Unisim elements were transformed.

Synth Design complete | Checksum: 7dbfce00
INFO: [Common 17-83] Releasing license: Synthesis
39 Infos, 102 Warnings, 100 Critical Warnings and 0 Errors encountered.
synth_design completed successfully
synth_design: Time (s): cpu = 00:00:46 ; elapsed = 00:01:47 . Memory (MB): peak = 1741.547 ; gain = 1371.293
INFO: [runtcl-6] Synthesis results are not added to the cache due to CRITICAL_WARNING
Write ShapeDB Complete: Time (s): cpu = 00:00:00 ; elapsed = 00:00:00.009 . Memory (MB): peak = 1741.547 ; gain = 0.000
INFO: [Common 17-1381] The checkpoint 'D:/HK241/project_1/project_1.runs/synth_1/mips_processor.dcp' has been generated.
INFO: [Vivado 12-24828] Executing command : report_utilization -file mips_processor_utilization_synth.rpt -pb mips_processor_utilization_synth.pb
INFO: [Common 17-206] Exiting Vivado at Fri Jan 10 03:26:22 2025...
